                              --------------------
                               Performance Report
                              --------------------
                               Report time:Mar.6,98

_____________________________________________________________________________
|  Benchmark    |        Execution Time         |      Program Length        |
|  Source File  |           (# Icyc)            |       (# Words)            |
|   Name        |_______________________________|____________________________|
|               |    modified  | Optimization   |  modified |  Optimization  |
|_______________|______________|________________|___________|________________|
|               |     1016     |      1016      |   12      |     12         |   
|  bingray.asm  |              |      0%        |           |     0%         | 
|______________ |______________|________________|___________|________________|
                                                                       

Compile option:
      asm56300 -a -b -l bingrayt.asm

