                              --------------------
                               Performance Report
                              --------------------
                               Report time:Jul. 20,98

_____________________________________________________________________________
|  Benchmark    |        Execution Time         |      Program Length        |
|  Source File  |           (# Icyc)            |       (# Words)            |
|   Name        |_______________________________|____________________________|
|               |    modified  | Optimization   |  modified |  Optimization  |
|_______________|______________|________________|___________|________________|
|               |              |  	        |           |                |   
|  encode.asm   |    8853      |  8644 (2.4%)	|  56       |    53 (5.4%)   | 
|               |              |                |           |                |
|  decoder.asm  |   111787     |  110493 (1.2%) |  569      |    564 (0.9%)  |
|_______________|______________|________________|___________|________________|
                                                                       

Compile option:
      asm56300 -a -b -l encode.asm
      asm56300 -a -b -l decode.asm
