                              --------------------
                               Performance Report
                              --------------------
                               Report time:Mar.5,98

_____________________________________________________________________________
|  Benchmark    |        Execution Time         |      Program Length        |
|  Source File  |           (# Icyc)            |       (# Words)            |
|   Name        |_______________________________|____________________________|
|               |    modified  | Optimization   |  modified |  Optimization  |
|_______________|______________|________________|___________|________________|
|               |      7       |      7         |   4       |     4          |   
|  exp2.asm     |              |      0%        |           |     0%         | 
|______________ |______________|________________|___________|________________|
                                                                       

Compile option:
      asm56300 -a -b -l exp2t.asm

